// Jest Snapshot v1, https://goo.gl/fbAQLP

exports[`Link matches snapshot 1`] = `
Array [
  <a
    href="/admin/patients"
    onClick={[Function]}
  />,
  <a
    href="/admin/doctors"
    onClick={[Function]}
  />,
  <a
    href="/admin/appointments"
    onClick={[Function]}
  />,
]
`;
