// Jest Snapshot v1, https://goo.gl/fbAQLP

exports[`Link matches snapshot 1`] = `
<a
  href="/department"
  onClick={[Function]}
/>
`;
